Ran all test suites matching tests/unit/module/apis/search/getSearchByKey.test.ts.
